

*******************************************************************************
Mon Jun 29 17:59:06 2026


FIT:    data read from 'extra_two.data' using 1:2
        format = x:z
        #datapoints = 15
        residuals are weighted equally (unit weight)

function used for fitting: f(x)
	f(x) = a*x**2
fitted parameters initialized with current variable values

   4 9.7572729783e+00  -2.25e-03  4.36e+01    1.240729e-05

After 4 iterations the fit converged.
final sum of squares of residuals : 9.75727
rel. change during last iteration : -2.25332e-08

degrees of freedom    (FIT_NDF)                        : 14
rms of residuals      (FIT_STDFIT) = sqrt(WSSR/ndf)    : 0.834834
variance of residuals (reduced chisquare) = WSSR/ndf   : 0.696948

Final set of parameters            Asymptotic Standard Error
=======================            ==========================
a               = 1.24073e-05      +/- 4.942e-07    (3.983%)


*******************************************************************************
Mon Jun 29 17:59:24 2026


FIT:    data read from 'extra_three.data' using 1:2
        format = x:z
        #datapoints = 15
        residuals are weighted equally (unit weight)

function used for fitting: f(x)
	f(x) = a*x
fitted parameters initialized with current variable values

   3 1.2864039101e+07  -9.19e-02  5.81e-01    3.769939e+01

After 3 iterations the fit converged.
final sum of squares of residuals : 1.2864e+07
rel. change during last iteration : -9.19248e-07

degrees of freedom    (FIT_NDF)                        : 14
rms of residuals      (FIT_STDFIT) = sqrt(WSSR/ndf)    : 958.572
variance of residuals (reduced chisquare) = WSSR/ndf   : 918860

Final set of parameters            Asymptotic Standard Error
=======================            ==========================
a               = 37.6994          +/- 0.426        (1.13%)
